=== 在线扩容

==== 创建分区

===== 查看硬盘分区
[source, bash]
----
fdisk -l /dev/vda
----

.屏幕输出
[source, console]
----
Disk /dev/vda: 100 GiB, 107374182400 bytes, 209715200 sectors
Units: sectors of 1 * 512 = 512 bytes
Sector size (logical/physical): 512 bytes / 512 bytes
I/O size (minimum/optimal): 512 bytes / 512 bytes
Disklabel type: dos
Disk identifier: 0x9b35f2fd

Device     Boot Start      End  Sectors Size Id Type
/dev/vda1  *     2048 62912511 62910464  30G 8e Linux LVM
----

===== 创建分区
[source, bash]
----
fdisk /dev/vda
----

.屏幕输出
[source, console]
----
Welcome to fdisk (util-linux 2.31.1).
Changes will remain in memory only, until you decide to write them.
Be careful before using the write command.


Command (m for help): n
Partition type
   p   primary (1 primary, 0 extended, 3 free)
   e   extended (container for logical partitions)
Select (default p): 

Using default response p.
Partition number (2-4, default 2): 
First sector (62912512-209715199, default 62912512): 
Last sector, +sectors or +size{K,M,G,T,P} (62912512-209715199, default 209715199): 

Created a new partition 2 of type 'Linux' and of size 70 GiB.

Command (m for help): w
The partition table has been altered.
Syncing disks.
----

===== 确认分区
[source, bash]
----
fdisk -l /dev/vda
----

.屏幕输出
[source, console]
----
Disk /dev/vda: 100 GiB, 107374182400 bytes, 209715200 sectors
Units: sectors of 1 * 512 = 512 bytes
Sector size (logical/physical): 512 bytes / 512 bytes
I/O size (minimum/optimal): 512 bytes / 512 bytes
Disklabel type: dos
Disk identifier: 0x9b35f2fd

Device     Boot    Start       End   Sectors Size Id Type
/dev/vda1  *        2048  62912511  62910464  30G 8e Linux LVM
/dev/vda2       62912512 209715199 146802688  70G 83 Linux
----

==== 创建物理卷

===== 创建物理卷
[source, bash]
----
pvcreate /dev/vda2
----

.屏幕输出
[source, console]
----
  Physical volume "/dev/vda2" successfully created.
----

===== 确认物理卷
[source, bash]
----
pvs
----

.屏幕输出
[source, console]
----
  PV         VG      Fmt  Attr PSize   PFree 
  /dev/vda1  geek-vg lvm2 a--  <30.00g 12.00m
  /dev/vda2          lvm2 ---   70.00g 70.00g
----

==== 扩容卷组

===== 查看卷组
[source, bash]
----
vgs
----

.屏幕输出
[source, console]
----
  VG      #PV #LV #SN Attr   VSize   VFree 
  geek-vg   1   2   0 wz--n- <30.00g 12.00m
----

===== 扩容卷组
[source, bash]
----
vgextend geek-vg /dev/vda2
----

.屏幕输出
[source, console]
----
  Volume group "geek-vg" successfully extended
----

===== 确认卷组
[source, bash]
----
vgs
----

.屏幕输出
[source, console]
----
  VG      #PV #LV #SN Attr   VSize    VFree 
  geek-vg   2   2   0 wz--n- <100.00g 70.01g
----

==== 扩容逻辑卷

===== 查看逻辑卷
[source, bash]
----
lvs
----

.屏幕输出
[source, console]
----
  LV     VG      Attr       LSize   Pool Origin Data%  Meta%  Move Log Cpy%Sync Convert
  root   geek-vg -wi-ao---- 29.03g                                                    
  swap_1 geek-vg -wi-ao---- 976.00m 
----

===== 扩容逻辑卷
[source, bash]
----
lvextend -L+70G /dev/geek-vg/root
----

.屏幕输出
[source, console]
----
  Size of logical volume geek-vg/root changed from 29.03 GiB (7432 extents) to 99.03 GiB (25352 extents).
  Logical volume geek-vg/root successfully resized.
----

===== 确认逻辑卷
[source, bash]
----
lvs
----

.屏幕输出
[source, console]
----
  LV     VG      Attr       LSize   Pool Origin Data%  Meta%  Move Log Cpy%Sync Convert
  root   geek-vg -wi-ao---- 99.03g                                                    
  swap_1 geek-vg -wi-ao---- 976.00m 
----

==== 在线扩容分区

===== 查看文件系统
[source, bash]
---- 
df -Th
----

.屏幕输出
[source, console]
----
Filesystem                Type      Size  Used Avail Use% Mounted on
udev                      devtmpfs  464M     0  464M   0% /dev
tmpfs                     tmpfs      99M  664K   98M   1% /run
/dev/mapper/geek--vg-root ext4       29G   26G  1.2G  96% /
----

===== 扩容文件系统
[source, bash]
----
resize2fs /dev/mapper/geek--vg-root
----

.屏幕输出
[source, console]
----
resize2fs 1.44.1 (24-Mar-2018)
Filesystem at /dev/mapper/geek--vg-root is mounted on /; on-line resizing required
old_desc_blocks = 4, new_desc_blocks = 13
The filesystem on /dev/mapper/geek--vg-root is now 25960448 (4k) blocks long.
----

===== 确认文件系统
[source, bash]
---- 
df -Th
----

.屏幕输出
[source, console]
----
Filesystem                Type      Size  Used Avail Use% Mounted on
udev                      devtmpfs  464M     0  464M   0% /dev
tmpfs                     tmpfs      99M  664K   98M   1% /run
/dev/mapper/geek--vg-root ext4       98G   26G   68G  28% /
----

[NOTE]
====
如果是XFS分区，使用 `xfs_growfs /` 在线扩容
====

